// Jest Snapshot v1, https://goo.gl/fbAQLP

exports[`<NewsItems /> rendering renders correctly 1`] = `
ShallowWrapper {
  Symbol(enzyme.__root__): [Circular],
  Symbol(enzyme.__unrendered__): <NewsItems
    media={
      Array [
        Object {
          "media-metadata": Array [
            Object {
              "url": "https://static01.nyt.com/images/2019/06/21/us/politics/20dc-military1-sub/20dc-arms1-sub-square320.jpg",
            },
          ],
        },
      ]
    }
  />,
  Symbol(enzyme.__renderer__): Object {
    "batchedUpdates": [Function],
    "checkPropTypes": [Function],
    "getNode": [Function],
    "render": [Function],
    "simulateError": [Function],
    "simulateEvent": [Function],
    "unmount": [Function],
  },
  Symbol(enzyme.__node__): Object {
    "instance": null,
    "key": undefined,
    "nodeType": "function",
    "props": Object {
      "children": Array [
        <ForwardRef(styled.img)
          height="100px"
          src="https://static01.nyt.com/images/2019/06/21/us/politics/20dc-military1-sub/20dc-arms1-sub-square320.jpg"
          width="100px"
        />,
        <ForwardRef(styled.div)>
          <ForwardRef(styled.button)
            onClick={[Function]}
          />
        </ForwardRef(styled.div)>,
        <ForwardRef(styled.button)
          onClick={[Function]}
        >
          &gt;
        </ForwardRef(styled.button)>,
      ],
    },
    "ref": null,
    "rendered": Array [
      Object {
        "instance": null,
        "key": undefined,
        "nodeType": "function",
        "props": Object {
          "height": "100px",
          "src": "https://static01.nyt.com/images/2019/06/21/us/politics/20dc-military1-sub/20dc-arms1-sub-square320.jpg",
          "width": "100px",
        },
        "ref": null,
        "rendered": null,
        "type": Object {
          "$$typeof": Symbol(react.forward_ref),
          "attrs": Array [],
          "componentStyle": ComponentStyle {
            "componentId": "sc-ifAKCX",
            "isStatic": true,
            "rules": Array [
              "
    margin-right: 15px;
    border-radius: 50%;
",
            ],
          },
          "displayName": "styled.img",
          "foldedComponentIds": Array [],
          "render": [Function],
          "styledComponentId": "sc-ifAKCX",
          "target": "img",
          "toString": [Function],
          "warnTooManyClasses": [Function],
          "withComponent": [Function],
        },
      },
      Object {
        "instance": null,
        "key": undefined,
        "nodeType": "function",
        "props": Object {
          "children": Array [
            <ForwardRef(styled.button)
              onClick={[Function]}
            />,
            false,
          ],
        },
        "ref": null,
        "rendered": Array [
          Object {
            "instance": null,
            "key": undefined,
            "nodeType": "function",
            "props": Object {
              "children": undefined,
              "onClick": [Function],
            },
            "ref": null,
            "rendered": null,
            "type": Object {
              "$$typeof": Symbol(react.forward_ref),
              "attrs": Array [],
              "componentStyle": ComponentStyle {
                "componentId": "sc-EHOje",
                "isStatic": true,
                "rules": Array [
                  "
    font-size: 17px;
    font-weight: 400;
    padding-left: 0;
    margin-bottom: 0;
    text-align: left;
    border: none;
    background: none;
    outline: none;
    cursor: pointer;
",
                ],
              },
              "displayName": "styled.button",
              "foldedComponentIds": Array [],
              "render": [Function],
              "styledComponentId": "sc-EHOje",
              "target": "button",
              "toString": [Function],
              "warnTooManyClasses": [Function],
              "withComponent": [Function],
            },
          },
          false,
        ],
        "type": Object {
          "$$typeof": Symbol(react.forward_ref),
          "attrs": Array [],
          "componentStyle": ComponentStyle {
            "componentId": "sc-bwzfXH",
            "isStatic": true,
            "rules": Array [
              "
    width: 100%
",
            ],
          },
          "displayName": "styled.div",
          "foldedComponentIds": Array [],
          "render": [Function],
          "styledComponentId": "sc-bwzfXH",
          "target": "div",
          "toString": [Function],
          "warnTooManyClasses": [Function],
          "withComponent": [Function],
        },
      },
      Object {
        "instance": null,
        "key": undefined,
        "nodeType": "function",
        "props": Object {
          "children": ">",
          "onClick": [Function],
        },
        "ref": null,
        "rendered": ">",
        "type": Object {
          "$$typeof": Symbol(react.forward_ref),
          "attrs": Array [],
          "componentStyle": ComponentStyle {
            "componentId": "sc-iwsKbI",
            "isStatic": true,
            "rules": Array [
              "
    padding-top: 2%;
    padding-left: 20px;
    color: red;
    font-size: 16px;
    font-weight: bold;
    border: none;
    background: none;
    outline: none;
    cursor: pointer;
",
            ],
          },
          "displayName": "styled.button",
          "foldedComponentIds": Array [],
          "render": [Function],
          "styledComponentId": "sc-iwsKbI",
          "target": "button",
          "toString": [Function],
          "warnTooManyClasses": [Function],
          "withComponent": [Function],
        },
      },
    ],
    "type": Object {
      "$$typeof": Symbol(react.forward_ref),
      "attrs": Array [],
      "componentStyle": ComponentStyle {
        "componentId": "sc-bxivhb",
        "isStatic": true,
        "rules": Array [
          "
    display: flex;
    padding: 10px;
    border-bottom: 1px solid #89ec26;
",
        ],
      },
      "displayName": "styled.li",
      "foldedComponentIds": Array [],
      "render": [Function],
      "styledComponentId": "sc-bxivhb",
      "target": "li",
      "toString": [Function],
      "warnTooManyClasses": [Function],
      "withComponent": [Function],
    },
  },
  Symbol(enzyme.__nodes__): Array [
    Object {
      "instance": null,
      "key": undefined,
      "nodeType": "function",
      "props": Object {
        "children": Array [
          <ForwardRef(styled.img)
            height="100px"
            src="https://static01.nyt.com/images/2019/06/21/us/politics/20dc-military1-sub/20dc-arms1-sub-square320.jpg"
            width="100px"
          />,
          <ForwardRef(styled.div)>
            <ForwardRef(styled.button)
              onClick={[Function]}
            />
          </ForwardRef(styled.div)>,
          <ForwardRef(styled.button)
            onClick={[Function]}
          >
            &gt;
          </ForwardRef(styled.button)>,
        ],
      },
      "ref": null,
      "rendered": Array [
        Object {
          "instance": null,
          "key": undefined,
          "nodeType": "function",
          "props": Object {
            "height": "100px",
            "src": "https://static01.nyt.com/images/2019/06/21/us/politics/20dc-military1-sub/20dc-arms1-sub-square320.jpg",
            "width": "100px",
          },
          "ref": null,
          "rendered": null,
          "type": Object {
            "$$typeof": Symbol(react.forward_ref),
            "attrs": Array [],
            "componentStyle": ComponentStyle {
              "componentId": "sc-ifAKCX",
              "isStatic": true,
              "rules": Array [
                "
    margin-right: 15px;
    border-radius: 50%;
",
              ],
            },
            "displayName": "styled.img",
            "foldedComponentIds": Array [],
            "render": [Function],
            "styledComponentId": "sc-ifAKCX",
            "target": "img",
            "toString": [Function],
            "warnTooManyClasses": [Function],
            "withComponent": [Function],
          },
        },
        Object {
          "instance": null,
          "key": undefined,
          "nodeType": "function",
          "props": Object {
            "children": Array [
              <ForwardRef(styled.button)
                onClick={[Function]}
              />,
              false,
            ],
          },
          "ref": null,
          "rendered": Array [
            Object {
              "instance": null,
              "key": undefined,
              "nodeType": "function",
              "props": Object {
                "children": undefined,
                "onClick": [Function],
              },
              "ref": null,
              "rendered": null,
              "type": Object {
                "$$typeof": Symbol(react.forward_ref),
                "attrs": Array [],
                "componentStyle": ComponentStyle {
                  "componentId": "sc-EHOje",
                  "isStatic": true,
                  "rules": Array [
                    "
    font-size: 17px;
    font-weight: 400;
    padding-left: 0;
    margin-bottom: 0;
    text-align: left;
    border: none;
    background: none;
    outline: none;
    cursor: pointer;
",
                  ],
                },
                "displayName": "styled.button",
                "foldedComponentIds": Array [],
                "render": [Function],
                "styledComponentId": "sc-EHOje",
                "target": "button",
                "toString": [Function],
                "warnTooManyClasses": [Function],
                "withComponent": [Function],
              },
            },
            false,
          ],
          "type": Object {
            "$$typeof": Symbol(react.forward_ref),
            "attrs": Array [],
            "componentStyle": ComponentStyle {
              "componentId": "sc-bwzfXH",
              "isStatic": true,
              "rules": Array [
                "
    width: 100%
",
              ],
            },
            "displayName": "styled.div",
            "foldedComponentIds": Array [],
            "render": [Function],
            "styledComponentId": "sc-bwzfXH",
            "target": "div",
            "toString": [Function],
            "warnTooManyClasses": [Function],
            "withComponent": [Function],
          },
        },
        Object {
          "instance": null,
          "key": undefined,
          "nodeType": "function",
          "props": Object {
            "children": ">",
            "onClick": [Function],
          },
          "ref": null,
          "rendered": ">",
          "type": Object {
            "$$typeof": Symbol(react.forward_ref),
            "attrs": Array [],
            "componentStyle": ComponentStyle {
              "componentId": "sc-iwsKbI",
              "isStatic": true,
              "rules": Array [
                "
    padding-top: 2%;
    padding-left: 20px;
    color: red;
    font-size: 16px;
    font-weight: bold;
    border: none;
    background: none;
    outline: none;
    cursor: pointer;
",
              ],
            },
            "displayName": "styled.button",
            "foldedComponentIds": Array [],
            "render": [Function],
            "styledComponentId": "sc-iwsKbI",
            "target": "button",
            "toString": [Function],
            "warnTooManyClasses": [Function],
            "withComponent": [Function],
          },
        },
      ],
      "type": Object {
        "$$typeof": Symbol(react.forward_ref),
        "attrs": Array [],
        "componentStyle": ComponentStyle {
          "componentId": "sc-bxivhb",
          "isStatic": true,
          "rules": Array [
            "
    display: flex;
    padding: 10px;
    border-bottom: 1px solid #89ec26;
",
          ],
        },
        "displayName": "styled.li",
        "foldedComponentIds": Array [],
        "render": [Function],
        "styledComponentId": "sc-bxivhb",
        "target": "li",
        "toString": [Function],
        "warnTooManyClasses": [Function],
        "withComponent": [Function],
      },
    },
  ],
  Symbol(enzyme.__options__): Object {
    "adapter": ReactSixteenAdapter {
      "options": Object {
        "enableComponentDidUpdateOnSetState": true,
        "legacyContextMode": "parent",
        "lifecycles": Object {
          "componentDidUpdate": Object {
            "onSetState": true,
          },
          "getChildContext": Object {
            "calledByRenderer": false,
          },
          "getDerivedStateFromError": true,
          "getDerivedStateFromProps": Object {
            "hasShouldComponentUpdateBug": false,
          },
          "getSnapshotBeforeUpdate": true,
          "setState": Object {
            "skipsComponentDidUpdateOnNullish": true,
          },
        },
      },
    },
    Symbol(enzyme.__providerValues__): undefined,
  },
  Symbol(enzyme.__providerValues__): Map {},
  Symbol(enzyme.__childContext__): null,
}
`;
